[loki.lol/index.html]
[loki.lol/_app/immutable/assets/0.94ebf1cd.css]
[backblue.gif]
[fade.gif]
[index.html]
[loki.lol/_app/immutable/assets/2.e47351ea.css]
[loki.lol/login.html]
[loki.lol/register.html]
[loki.lol/_app/immutable/assets/slug_image.75a2b569.png]
[loki.lol/_app/immutable/assets/dashboard_image.726cb79a.png]
[loki.lol/_app/immutable/entry/start.af1a2051.js]
[loki.lol/index.html]
[cdn.discordapp.com/attachments/1182090065233584148/1213525705732661309/PNG_Logo_White_-_Betrayalec3d.png]
[loki.lol/_app/immutable/assets/0.94ebf1cd.css]
[loki.lol/_app/immutable/assets/2.e47351ea.css]
[loki.lol/_app/immutable/entry/app.1546456a.js]
[loki.lol/_app/immutable/assets/5.2442f0ba.css]
[loki.lol/login.html]
[loki.lol/recover.html]
[loki.lol/register.html]
[loki.lol/_app/immutable/assets/5.2442f0ba.css]
[loki.lol/_app/immutable/assets/7.ba4c9abc.css]
[loki.lol/recover.html]
[loki.lol/_app/immutable/assets/7.ba4c9abc.css]
[loki.lol/_app/immutable/assets/6.1f0b4d86.css]
[loki.lol/_app/immutable/assets/6.1f0b4d86.css]
